<?xml version="1.0" encoding="UTF-8"?>
<testsuites name="Mocha Tests" time="0.0500" tests="6" failures="1">
  <testsuite name="Root Suite" timestamp="2022-07-06T10:02:26" tests="0" time="0.0000" failures="0">
  </testsuite>
  <testsuite name="POST /users" timestamp="2022-07-06T10:02:26" tests="0" file="/Users/quentin/Documents/GitHub/ProjetTS/test/auth.test.js" time="0.0000" failures="0">
  </testsuite>
  <testsuite name="Ok" timestamp="2022-07-06T10:02:26" tests="1" file="/Users/quentin/Documents/GitHub/ProjetTS/test/auth.test.js" time="0.0250" failures="0">
    <testcase name="POST /users Ok Strong password" time="0.0230" classname="Strong password">
    </testcase>
  </testsuite>
  <testsuite name="Bad request" timestamp="2022-07-06T10:02:26" tests="4" file="/Users/quentin/Documents/GitHub/ProjetTS/test/auth.test.js" time="0.0180" failures="0">
    <testcase name="POST /users Bad request Poor password" time="0.0050" classname="Poor password">
    </testcase>
    <testcase name="POST /users Bad request Medium password" time="0.0030" classname="Medium password">
    </testcase>
    <testcase name="POST /users Bad request Password too short expect to be &gt;= 8 char" time="0.0040" classname="Password too short expect to be &gt;= 8 char">
    </testcase>
    <testcase name="POST /users Bad request Username or passwords is incorrect" time="0.0050" classname="Username or passwords is incorrect">
    </testcase>
  </testsuite>
  <testsuite name="Not found" timestamp="2022-07-06T10:02:26" tests="1" file="/Users/quentin/Documents/GitHub/ProjetTS/test/auth.test.js" time="0.0040" failures="1">
    <testcase name="POST /users Not found 404 error" time="0.0020" classname="404 error">
      <failure message="400 == 404" type="AssertionError"><![CDATA[AssertionError [ERR_ASSERTION]: 400 == 404
    at Context.<anonymous> (test/auth.test.js:75:14)
    at processTicksAndRejections (node:internal/process/task_queues:96:5)]]></failure>
    </testcase>
  </testsuite>
</testsuites>